   Compiling unicode-ident v1.0.24
    Checking bitflags v2.13.1
    Checking cfg-if v1.0.4
    Checking memchr v2.8.3
    Checking smallvec v1.15.2
    Checking pin-project-lite v0.2.17
    Checking libc v0.2.189
    Checking serde_core v1.0.229
    Checking futures-core v0.3.34
    Checking typeid v1.0.3
    Checking libm v0.2.16
    Checking crossbeam-utils v0.8.22
    Checking str_indices v0.4.4
   Compiling proc-macro2 v1.0.107
    Checking futures-io v0.3.34
    Checking unicase v2.9.0
    Checking stable_deref_trait v1.2.1
    Checking core-foundation-sys v0.8.7
    Checking slab v0.4.12
    Checking arrayvec v0.7.8
    Checking pulldown-cmark-escape v0.11.0
    Checking ropey v1.6.1
    Checking equivalent v1.0.2
    Checking parking v2.2.1
    Checking hashbrown v0.17.1
    Checking itoa v1.0.18
    Checking once_cell v1.21.4
    Checking simd-adler32 v0.3.10
    Checking fastrand v2.5.0
    Checking pulldown-cmark v0.13.4 (<repo>/vendor/pulldown-cmark)
    Checking adler2 v2.0.1
    Checking concurrent-queue v2.5.0
    Checking futures-sink v0.3.34
   Compiling quote v1.0.47
    Checking miniz_oxide v0.8.9
    Checking atomic-waker v1.1.2
    Checking futures-lite v2.6.1
   Compiling aho-corasick v1.1.5
    Checking bytes v1.12.1
   Compiling syn v3.0.4
   Compiling syn v2.0.119
    Checking hane-document v0.18.0 (<repo>/crates/document)
    Checking typenum v1.20.1
    Checking crc32fast v1.5.1
    Checking num-traits v0.2.19
    Checking errno v0.3.14
    Checking core-foundation v0.10.0
    Checking hane-metrics v0.18.0 (<repo>/crates/metrics)
    Checking event-listener v5.4.2
    Checking unicode-segmentation v1.12.0
    Checking either v1.18.0
    Checking event-listener-strategy v0.5.4
    Checking rustix v1.1.4
    Checking flate2 v1.1.9
    Checking futures-channel v0.3.34
    Checking hane-markdown v0.18.0 (<repo>/crates/markdown)
    Checking hane-editor v0.18.0 (<repo>/crates/editor)
    Checking socket2 v0.6.5
    Checking mio v1.2.2
   Compiling regex-automata v0.4.18
    Checking futures-task v0.3.34
   Compiling rustc-hash v2.1.3
   Compiling indexmap v2.14.0
    Checking litemap v0.8.3
    Checking writeable v0.6.4
    Checking crossbeam-epoch v0.9.20
    Checking tokio v1.53.1
    Checking serde_fmt v1.1.0
    Checking erased-serde v0.4.10
    Checking utf8_iter v1.0.4
    Checking hane-presentation v0.18.0 (<repo>/crates/presentation)
    Checking async-task v4.7.1
    Checking crossbeam-deque v0.8.7
    Checking value-bag-serde1 v1.13.2
    Checking anyhow v1.0.104
    Checking value-bag v1.13.2
    Checking async-channel v2.5.0
    Checking piper v0.2.5
    Checking zmij v1.0.23
    Checking zeroize v1.9.0
    Checking log v0.4.34
    Checking objc2-encode v4.1.0
    Checking blocking v1.7.0
    Checking rustls-pki-types v1.15.1
    Checking serde_json v1.0.151
   Compiling hybrid-array v0.4.14
    Checking objc2 v0.6.4
    Checking rayon-core v1.13.0
    Checking icu_properties_data v2.3.0
    Checking icu_normalizer_data v2.3.0
    Checking async-lock v3.4.2
    Checking http v1.5.0
    Checking polling v3.11.0
    Checking async-io v2.6.0
    Checking foreign-types-shared v0.3.1
   Compiling crypto-common v0.2.2
   Compiling block-buffer v0.12.1
    Checking num-integer v0.1.47
    Checking signal-hook-registry v1.4.8
    Checking getrandom v0.2.17
    Checking core-foundation v0.9.4
    Checking tracing-core v0.1.36
   Compiling libloading v0.8.9
    Checking untrusted v0.9.0
    Checking percent-encoding v2.3.2
    Checking regex-syntax v0.8.11
    Checking bitflags v1.3.2
   Compiling const-oid v0.10.2
    Checking tracing v0.1.44
    Checking form_urlencoded v1.2.2
   Compiling clang-sys v1.9.1
    Checking ring v0.17.14
    Checking http-body v1.1.0
    Checking objc2-core-foundation v0.3.2
    Checking async-signal v0.2.14
   Compiling digest v0.11.3
    Checking num-bigint v0.4.8
   Compiling regex v1.13.1
   Compiling synstructure v0.13.2
   Compiling prettyplease v0.2.37
    Checking rayon v1.12.0
    Checking async-executor v1.14.0
   Compiling mime_guess v2.0.5
    Checking euclid v0.22.14
    Checking malloc_buf v0.0.6
    Checking tokio-util v0.7.19
   Compiling bstr v1.13.1
   Compiling cpufeatures v0.3.0
   Compiling serde_derive v1.0.229
   Compiling bytemuck_derive v1.12.0
   Compiling thiserror-impl v2.0.20
   Compiling zerovec-derive v0.11.6
   Compiling displaydoc v0.2.7
   Compiling futures-macro v0.3.34
   Compiling foreign-types-macros v0.2.4
   Compiling zerofrom-derive v0.1.7
   Compiling zerocopy-derive v0.8.56
   Compiling yoke-derive v0.8.2
   Compiling equator-macro v0.4.2
   Compiling strum_macros v0.26.4
    Checking futures-util v0.3.34
    Checking bytemuck v1.25.2
    Checking foreign-types v0.5.0
    Checking thiserror v2.0.20
    Checking equator v0.4.2
    Checking zerofrom v0.1.8
   Compiling thiserror-impl v1.0.69
   Compiling pin-project-internal v1.1.13
    Checking zerocopy v0.8.56
    Checking fnv v1.0.7
   Compiling shlex v1.3.0
    Checking same-file v1.0.6
    Checking try-lock v0.2.5
    Checking block v0.1.6
    Checking want v0.3.1
    Checking thiserror v1.0.69
   Compiling walkdir v2.5.0
   Compiling bindgen v0.71.1
   Compiling serde v1.0.229
    Checking pin-project v1.1.13
    Checking h2 v0.4.19
   Compiling profiling-procmacros v1.0.18
   Compiling globset v0.4.20
    Checking num-rational v0.4.2
    Checking aligned-vec v0.6.4
    Checking v_frame v0.3.9
   Compiling sha2 v0.11.0
    Checking rustls-webpki v0.103.15
    Checking objc v0.2.7
    Checking yoke v0.8.3
    Checking objc2-foundation v0.3.2
    Checking async-process v2.5.0
    Checking generic-array v0.14.7
    Checking httparse v1.10.1
    Checking getrandom v0.3.4
    Checking block2 v0.6.2
    Checking itertools v0.14.0
    Checking core-graphics-types v0.2.0
    Checking security-framework-sys v2.17.0
    Checking core_maths v0.1.1
    Checking fdeflate v0.3.7
    Checking as-slice v0.2.1
   Compiling mime v0.3.17
    Checking subtle v2.6.1
    Checking deflate64 v0.1.12
    Checking tower-service v0.3.3
    Checking compression-core v0.4.32
    Checking ryu v1.0.23
    Checking float-cmp v0.9.0
    Checking compression-codecs v0.4.38
    Checking strict-num v0.1.1
    Checking rustls v0.23.43
   Compiling serde_spanned v0.6.9
   Compiling toml_datetime v0.6.11
    Checking objc2-metal v0.3.2
    Checking aligned v0.4.3
   Compiling toml_edit v0.22.27
    Checking ttf-parser v0.25.1
    Checking security-framework v3.7.0
    Checking hyper v1.11.0
    Checking rand_core v0.9.5
    Checking zerovec v0.11.8
    Checking zerotrie v0.2.5
   Compiling rust-embed-utils v8.12.0
    Checking slotmap v1.1.1
    Checking futures-executor v0.3.34
    Checking profiling v1.0.18
    Checking lyon_geom v1.0.19
   Compiling arg_enum_proc_macro v0.3.4
   Compiling ref-cast-impl v1.0.27
    Checking half v2.7.1
    Checking ppv-lite86 v0.2.21
    Checking libz-sys v1.1.25
   Compiling serde_derive_internals v0.30.0
   Compiling gpui_collections v0.2.2
    Checking getrandom v0.4.3
    Checking no_std_io2 v0.9.4
    Checking nom v8.0.0
    Checking arrayref v0.3.9
    Checking termcolor v1.4.1
    Checking foldhash v0.1.5
    Checking y4m v0.8.0
    Checking event-listener v2.5.3
    Checking bit-vec v0.8.0
    Checking tinystr v0.8.4
    Checking potential_utf v0.1.6
    Checking tinyvec_macros v0.1.1
    Checking base64 v0.22.1
   Compiling unicode-width v0.2.2
    Checking icu_collections v2.3.0
    Checking leak v0.1.2
    Checking icu_locale_core v2.3.0
    Checking quick-error v2.0.1
    Checking scopeguard v1.2.0
    Checking codespan-reporting v0.12.0
    Checking lock_api v0.4.14
   Compiling hashbrown v0.15.5
   Compiling tempfile v3.27.0
    Checking tokio-rustls v0.26.4
   Compiling schemars_derive v1.2.2
    Checking leaky-cow v0.1.1
   Compiling bit-set v0.8.0
    Checking tinyvec v1.12.0
    Checking av-scenechange v0.14.1
    Checking async-channel v1.9.0
    Checking icu_provider v2.3.1
    Checking objc2-quartz-core v0.3.2
    Checking tiny-skia-path v0.11.4
    Checking icu_normalizer v2.3.0
    Checking icu_properties v2.3.0
   Compiling toml v0.8.23
    Checking bitstream-io v4.10.0
    Checking rand_chacha v0.9.0
    Checking ref-cast v1.0.27
   Compiling gpui_perf v0.2.2
    Checking libgit2-sys v0.18.8+1.9.7
    Checking lyon_path v1.0.19
    Checking hyper-util v0.1.20
    Checking futures v0.3.34
   Compiling rust-embed-impl v8.12.0
    Checking rustls-native-certs v0.8.4
    Checking nix v0.31.3
    Checking system-configuration-sys v0.6.0
    Checking async-compression v0.4.43
    Checking rustix v0.38.44
    Checking parking_lot_core v0.9.12
    Checking idna_adapter v1.2.2
   Compiling syn v1.0.109
    Checking core-graphics v0.24.0
    Checking block-buffer v0.10.4
    Checking crypto-common v0.1.7
    Checking idna v1.1.0
    Checking strum v0.26.3
    Checking rgb v0.8.53
    Checking num-complex v0.4.6
    Checking url v2.5.8
    Checking av1-grain v0.2.5
    Checking maybe-rayon v0.1.1
   Compiling num-derive v0.4.2
    Checking async-global-executor v2.4.1
    Checking core-graphics-types v0.1.3
    Checking async-net v2.0.0
    Checking async-fs v2.2.0
    Checking kv-log-macro v1.0.7
    Checking memmap2 v0.9.11
    Checking dirs-sys v0.3.7
    Checking cgl v0.3.2
   Compiling simd_helpers v0.1.0
   Compiling proc-macro-error-attr2 v2.0.0
    Checking kurbo v0.11.3
    Checking sync_wrapper v1.0.2
    Checking siphasher v1.0.3
    Checking home v0.5.12
    Checking weezl v0.1.12
   Compiling hexf-parse v0.2.1
    Checking unicode-properties v0.1.4
    Checking new_debug_unreachable v1.0.6
    Checking reborrow v0.5.5
    Checking pulp-wasm-simd-flag v0.1.1
    Checking option-ext v0.2.0
    Checking unicode-script v0.5.8
   Compiling rustc-hash v1.1.0
    Checking dyn-clone v1.0.20
    Checking pin-utils v0.1.0
    Checking unicode-ccc v0.4.0
    Checking tower-layer v0.3.3
    Checking zune-core v0.5.3
    Checking unicode-bidi-mirroring v0.4.0
    Checking imgref v1.12.2
    Checking waker-fn v1.2.0
    Checking fastrand v1.9.0
    Checking dtor v0.0.6
    Checking naga v25.0.1
    Checking loop9 v0.1.5
    Checking rav1e v0.8.1
    Checking tower v0.5.3
    Checking zune-jpeg v0.5.15
    Checking rustybuzz v0.20.1
   Compiling cbindgen v0.28.0
   Compiling proc-macro-error2 v2.0.1
    Checking futures-lite v1.13.0
    Checking async-std v1.13.2
    Checking svgtypes v0.15.3
    Checking schemars v1.2.2
    Checking dirs-sys v0.4.1
    Checking pulp v0.22.3
    Checking which v6.0.3
    Checking fontdb v0.23.0
    Checking io-surface v0.16.1
    Checking smol v2.0.2
    Checking dirs v4.0.0
    Checking git2 v0.20.4
    Checking metal v0.29.0
    Checking hyper-rustls v0.27.9
    Checking command-fds v0.3.3
    Checking rust-embed v8.12.0
    Checking digest v0.10.7
    Checking async_zip v0.0.17
    Checking parking_lot v0.12.5
    Checking system-configuration v0.6.1
   Compiling gpui_util_macros v0.2.2
    Checking psm v0.1.32
    Checking pathfinder_simd v0.5.6
    Checking objc2-app-kit v0.3.2
    Checking rand v0.9.5
   Compiling hidden-trait v0.1.2
    Checking nix v0.29.0
    Checking serde_json_lenient v0.2.4
   Compiling gpui_media v0.2.2
    Checking serde_urlencoded v0.7.1
    Checking png v0.17.16
    Checking tokio-socks v0.5.3
    Checking core-graphics2 v0.4.1
    Checking http-body-util v0.1.5
    Checking rustls-pemfile v2.2.0
    Checking simplecss v0.2.2
    Checking hane-session v0.18.0 (<repo>/crates/session)
    Checking filetime v0.2.29
    Checking xattr v0.2.3
    Checking cpufeatures v0.2.17
    Checking zune-inflate v0.2.54
    Checking avif-serialize v0.8.9
    Checking encoding_rs v0.8.35
    Checking fax v0.2.7
    Checking gimli v0.32.3
    Checking pico-args v0.5.0
    Checking imagesize v0.13.0
    Checking unicode-bidi v0.3.18
    Checking bit_field v0.10.3
    Checking raw-window-handle v0.6.2
    Checking xmlwriter v0.1.0
    Checking ipnet v2.12.1
    Checking pxfm v0.1.30
    Checking float_next_after v1.0.0
    Checking unicode-vo v0.1.0
    Checking dunce v1.0.5
    Checking roxmltree v0.20.0
    Checking color_quant v1.1.0
    Checking mint v0.5.9
    Checking byteorder-lite v0.1.0
    Checking take-until v0.2.0
    Checking lebe v0.5.3
    Checking data-url v0.3.2
    Checking image-webp v0.2.4
    Checking gpui_util v0.2.2
    Checking gif v0.14.2
    Checking blade-graphics v0.7.1
    Checking lyon_tessellation v1.0.20
    Checking usvg v0.45.1
    Checking zed-reqwest v0.12.15-zed
   Compiling derive_more v0.99.20
    Checking tiff v0.11.3
    Checking exr v1.74.2
    Checking core-video v0.4.3
    Checking ctor v0.4.3
    Checking sha2 v0.10.9
    Checking zed-async-tar v0.5.0-zed
    Checking tiny-skia v0.11.4
    Checking addr2line v0.25.1
    Checking pathfinder_geometry v0.5.1
    Checking stacker v0.1.25
   Compiling stacksafe-macro v0.1.4
    Checking dirs v5.0.1
    Checking object v0.37.3
    Checking core-text v21.0.0
    Checking lyon_algorithms v1.0.20
    Checking moxcms v0.8.1
    Checking ravif v0.13.0
    Checking png v0.18.1
    Checking cocoa-foundation v0.2.0
    Checking qoi v0.4.1
   Compiling gpui_derive_refineable v0.2.2
   Compiling strum_macros v0.27.2
    Checking crossbeam-queue v0.3.13
    Checking static_assertions v1.1.0
    Checking lazy_static v1.5.0
    Checking byteorder v1.5.0
    Checking atomic v0.5.3
    Checking pollster v0.2.5
    Checking float-ord v0.3.2
    Checking sha1_smol v1.0.1
    Checking rustc-demangle v0.1.27
    Checking svg_fmt v0.4.5
    Checking grid v0.18.0
    Checking uuid v1.25.0
    Checking etagere v0.2.15
    Checking cocoa v0.26.0
    Checking taffy v0.9.0
    Checking zed-font-kit v0.14.1-zed
    Checking gpui_http_client v0.2.2
    Checking postage v0.5.0
    Checking gpui_refineable v0.2.2
    Checking resvg v0.45.1
    Checking stacksafe v0.1.4
    Checking lyon v1.0.19
    Checking blade-util v0.3.0
    Checking gpui_semantic_version v0.2.2
    Checking gpui_sum_tree v0.2.2
   Compiling blade-macros v0.3.0
   Compiling gpui-macros v0.2.2
    Checking num_cpus v1.17.0
    Checking inventory v0.3.24
    Checking seahash v4.1.0
   Compiling hane v0.18.0 (<repo>/crates/app)
    Checking strum v0.27.2
    Checking hane-benchmark v0.18.0 (<repo>/crates/benchmark)
    Checking image v0.25.10
    Checking backtrace v0.3.76
   Compiling gpui v0.2.2 (<repo>/vendor/gpui)
    Checking hane-ui v0.18.0 (<repo>/crates/ui)
    Finished `dev` profile [unoptimized + debuginfo] target(s) in 31.33s
