   Compiling pulldown-cmark v0.13.4 (<repo>/vendor/pulldown-cmark)
   Compiling hane-markdown v0.18.0 (<repo>/crates/markdown)
   Compiling hane-presentation v0.18.0 (<repo>/crates/presentation)
   Compiling hane-ui v0.18.0 (<repo>/crates/ui)
    Finished `test` profile [unoptimized + debuginfo] target(s) in 6.26s
     Running unittests src/lib.rs (target/debug/deps/hane_ui-0bb2952e4a9d6f06)

running 199 tests
test line::tests::a_bare_cr_paragraph_boundary_renders_its_own_blank_line_like_lf ... ok
test line::tests::a_byte_large_low_line_count_paragraph_does_not_sync_parse_the_whole_block ... ok
test line::tests::a_cached_whole_span_parse_resolves_a_huge_paragraphs_markers_regardless_of_scroll_position ... ok
test line::tests::a_deeply_scrolled_huge_fenced_block_still_validates_its_closing_fence ... ok
test line::tests::a_fenced_block_hides_its_delimiters_and_info_string ... ok
test line::tests::a_fenced_block_presents_every_line_as_literal_code ... ok
test line::tests::a_huge_joinable_paragraph_presents_only_its_visible_window_without_a_cached_parse ... ok
test line::tests::a_leading_blank_line_before_the_first_block_does_not_misidentify_the_opening_fence ... ok
test line::tests::a_marker_pair_far_apart_resolves_regardless_of_the_visible_window ... ok
test line::tests::a_row_paints_only_its_own_stretch_of_the_line ... ok
test line::tests::a_selected_code_segment_shows_the_selection_not_the_code_background ... ok
test line::tests::a_selection_crossing_into_a_code_span_marks_the_overlap_as_both ... ok
test line::tests::an_unselected_code_segment_keeps_its_code_background ... ok
test line::tests::body_gap_is_inserted_before_terminal_caret_when_body_is_empty ... ok
test line::tests::body_gap_is_inserted_once_when_body_has_multiple_paint_segments ... ok
test line::tests::caret_mode_glyph_maps_known_modes_and_hides_unknown_state ... ok
test line::tests::cjk_emphasis_is_italic_through_the_same_render_policy_as_ascii ... ok
test line::tests::clipped_inactive_fences_do_not_reserve_virtual_space ... ok
test line::tests::clipped_nested_fences_do_not_reserve_virtual_space ... ok
test line::tests::document_end_belongs_to_the_final_line ... ok
test line::tests::inactive_bare_fence_rows_have_zero_height_and_editing_restores_it ... ok
test line::tests::list_body_boundary_splits_paint_segments_without_adding_text ... ok
test line::tests::next_line_start_does_not_restore_the_previous_nested_fence_height ... ok
test line::tests::only_a_break_the_source_makes_owns_the_caret_past_the_last_character ... ok
test line::tests::phase3_line_discloses_only_the_active_construct ... ok
test line::tests::quote_bar_insets_join_matching_visual_rows_only ... ok
test line::tests::quote_bar_layout_joins_soft_wraps_but_not_a_quote_depth_change ... ok
test line::tests::quote_bar_layout_keeps_separate_list_item_quotes_separate ... ok
test line::tests::selection_and_ime_boundaries_split_only_the_affected_text ... ok
test line::tests::shared_line_boundary_belongs_only_to_the_following_line ... ok
test line::tests::trailing_empty_line_exclusively_owns_document_end ... ok
test ranges::tests::clamps_deduplicates_and_discards_empty_ranges ... ok
test ranges::tests::partitions_soft_wrapped_style_ranges_on_utf8_byte_boundaries ... ok
test shape::tests::cjk_and_ascii_emphasis_produce_the_same_font_style_at_the_shape_rs_boundary ... ok
test shape::tests::disclosed_table_header_uses_the_same_semibold_metrics_as_painted_text ... ok
test view::panel_layout_tests::editor_scrollbar_drag_preserves_document_end_badge_clearance ... ok
test view::panel_layout_tests::scrollbar_is_hidden_when_content_fits ... ok
test view::panel_layout_tests::scrollbar_thumb_tracks_scroll_fraction ... ok
test view::panel_layout_tests::sidebar_width_drag_respects_panel_limits ... ok
test view::tests::a_block_taller_than_the_viewport_presents_only_the_visible_lines ... ok
test view::tests::a_dirty_background_session_blocks_opening_a_different_folder ... ok
test view::tests::a_draft_recovery_failure_is_surfaced_instead_of_silently_dropped ... ok
test view::tests::a_draft_recovery_warning_survives_opening_the_first_named_note ... ok
test view::tests::a_large_list_viewport_keeps_formal_numbering_and_nesting ... ok
test view::tests::a_late_list_code_row_keeps_formal_code_display ... ok
test view::tests::a_late_list_code_row_keeps_literal_list_marker_visible ... ok
test view::tests::a_late_list_code_row_keeps_literal_shorter_fence_visible ... ok
test view::tests::a_late_list_continuation_keeps_formal_owner_and_structural_indent ... ok
test view::tests::a_late_list_quote_code_row_keeps_the_formal_quote_owner ... ok
test view::tests::a_late_nested_list_fence_uses_formal_markers_when_viewport_parse_misses_it ... ok
test view::tests::a_late_quote_code_row_uses_formal_code_projection ... ok
test view::tests::a_new_notes_first_h1_names_its_file ... ok
test view::tests::a_new_notes_first_h1_names_its_file_inside_the_selected_folder ... ok
test view::tests::a_new_work_folder_note_reveals_its_active_file_tab ... ok
test view::tests::a_new_work_folder_note_starts_with_a_local_date_heading_and_caret_after_it ... ok
test view::tests::a_newly_loaded_work_folder_file_reveals_its_active_file_tab ... ok
test view::tests::a_partial_draft_recovery_failure_is_surfaced_while_readable_drafts_still_recover ... ok
test view::tests::a_presented_block_carries_all_of_its_lines ... ok
test view::tests::a_recovered_active_draft_reveals_its_file_tab ... ok
test view::tests::a_same_line_multi_level_list_fence_uses_the_deepest_formal_marker ... ok
test view::tests::a_same_line_nested_list_fence_keeps_the_formal_child_marker ... ok
test view::tests::a_save_failure_after_a_draft_recovery_warning_is_still_visible ... ok
test view::tests::a_second_new_folder_with_the_same_name_does_not_collide ... ok
test view::tests::a_sibling_boundary_does_not_disclose_the_previous_formal_prefix ... ok
test view::tests::a_stale_new_session_read_from_a_replaced_work_folder_is_discarded ... ok
test view::tests::active_file_tab_foreground_is_readable_in_both_themes ... ok
test view::tests::adjacent_links_boundary_lands_after_the_second_links_opening_marker ... ok
test view::tests::an_existing_files_h1_is_never_auto_renamed ... ok
test view::tests::apply_sidebar_date_badge_today_notifies_only_when_the_date_actually_changes ... ok
test view::tests::background_collapse_snapshot_retries_when_caret_moves ... ok
test view::tests::background_formal_parse_keeps_the_caret_owned_fence_block_visible ... ok
test view::tests::background_formal_parse_rebuilds_heights_when_disclosure_moves_during_parse ... ok
test view::tests::background_height_snapshot_must_match_the_current_line_height ... ok
test view::tests::background_selection_height_snapshot_collapses_middle_blocks_when_selection_ends ... ok
test view::tests::background_selection_height_snapshot_covers_the_selected_fence_range ... ok
test view::tests::background_selection_snapshot_preserves_measured_height_and_cached_presentation ... ok
test view::tests::block_context_rejects_stale_revision ... ok
test view::tests::byte_large_low_line_count_block_receives_background_shared_semantics ... ok
test view::tests::cache_invalidation_only_marks_intersecting_lines ... ok
test view::tests::cached_block_reuses_a_joined_runs_presentation_across_frames ... ok
test view::tests::caret_at_a_block_boundary_resolves_to_the_following_paragraph ... ok
test view::tests::caret_moves_during_a_background_parse_shrink_each_previous_fence_endpoint ... ok
test view::tests::clamp_and_snap_zoom_clamps_to_the_supported_range_and_snaps_the_100_percent_band ... ok
test view::tests::clicking_active_draft_after_root_selection_restores_draft_focus ... ok
test view::tests::clicking_inside_an_inline_rename_moves_the_caret_to_that_text_position ... ok
test view::tests::clipped_nested_fence_window_uses_the_non_collapsed_source_prefix ... ok
test view::tests::ctrl_wheel_zooms_while_plain_wheel_only_scrolls ... ok
test view::tests::date_badge_palette_has_visible_steps_and_readable_light_text ... ok
test view::tests::disclosures_are_current_reuses_a_joined_runs_shared_disclosure ... ok
test view::tests::document_replacement_cancels_text_selection_autoscroll ... ok
test view::tests::draft_save_survives_switching_sessions_within_the_debounce_window ... ok
test view::tests::drag_selection_across_lines_keeps_the_original_anchor_with_sidebar_open ... ok
test view::tests::drag_selection_autoscrolls_across_soft_wrapped_rows_in_one_source_line ... ok
test view::tests::drag_selection_autoscrolls_down_while_held_near_the_bottom_edge_and_stops_on_mouse_up ... ok
test view::tests::drag_selection_autoscrolls_up_toward_the_document_start_and_then_stops ... ok
test view::tests::drag_selection_from_row_middle_extends_in_either_direction_with_sidebar_open ... ok
test view::tests::drag_selection_from_row_start_lands_on_the_clicked_character_with_sidebar_open ... ok
test view::tests::drag_selection_from_row_start_lands_on_the_clicked_character_without_a_sidebar ... ok
test view::tests::drag_selection_lands_on_the_second_row_of_a_soft_wrapped_line_with_sidebar_open ... ok
test view::tests::drag_selection_respects_utf8_character_boundaries_in_japanese_text_with_sidebar_open ... ok
test view::tests::editing_an_auto_managed_h1_keeps_the_note_in_its_own_folder ... ok
test view::tests::editing_an_auto_managed_h1_renames_the_file ... ok
test view::tests::empty_work_folder_has_no_active_sidebar_row ... ok
test view::tests::every_line_resolves_to_its_markdown_block ... ok
test view::tests::file_tab_context_menu_closes_with_escape_and_outside_click ... ok
test view::tests::file_tab_context_menu_handles_an_untitled_session_without_spawning ... ok
test view::tests::file_tabs_switch_sessions_and_keep_rear_tabs_reachable ... ok
test view::tests::flush_pending_drafts_writes_immediately_without_waiting_for_the_debounce ... ok
test view::tests::folder_rename_moves_open_file_and_save_follows_the_new_path ... ok
test view::tests::folder_rename_path_rebasing_preserves_unrelated_ui_paths ... ok
test view::tests::folder_rename_waits_for_an_unnamed_drafts_scheduled_title_sync ... ok
test view::tests::footer_status_line_combines_warning_and_status_without_dropping_either ... ok
test view::tests::height_anchor_rebases_without_scanning_untouched_blocks ... ok
test view::tests::height_block_metadata_splices_across_chunk_boundaries ... ok
test view::tests::height_remeasurement_cannot_leave_scroll_position_below_new_bottom ... ok
test view::tests::hidden_closing_marker_boundary_lands_before_the_marker_across_a_joined_multiline_span ... ok
test view::tests::hidden_closing_marker_boundary_lands_before_the_marker_not_after_it ... ok
test view::tests::hidden_heading_marker_boundary_lands_after_the_marker_even_when_indented ... ok
test view::tests::hidden_image_opening_marker_boundary_lands_after_the_marker ... ok
test view::tests::hidden_list_marker_boundary_lands_after_the_marker_even_when_indented ... ok
test view::tests::hidden_opening_marker_boundary_inside_a_quote_lands_after_the_marker ... ok
test view::tests::hidden_opening_marker_boundary_lands_after_the_marker_not_before_it ... ok
test view::tests::hidden_table_delimiter_maps_physical_lines_to_visible_rows ... ok
test view::tests::incremental_height_splice_preserves_measured_height_outside_the_update ... ok
test view::tests::initial_line_heights_become_block_heights_when_parse_publishes_after_caret_move ... ok
test view::tests::inline_rename_enter_commits_ime_composition_before_the_rename ... ok
test view::tests::inline_rename_escape_cancels_ime_composition_before_the_rename ... ok
test view::tests::inline_rename_ime_selection_is_relative_to_the_inserted_text ... ok
test view::tests::inline_rename_ime_selection_is_relative_to_the_marked_replacement ... ok
test view::tests::inline_rename_keeps_markdown_extensions_out_of_the_editable_text ... ok
test view::tests::inline_rename_movement_uses_grapheme_boundaries ... ok
test view::tests::inline_rename_refuses_non_utf8_names_instead_of_replacing_bytes ... ok
test view::tests::inline_rename_rejects_names_that_escape_the_parent_directory ... ok
test view::tests::inline_rename_shift_home_and_end_extend_from_the_active_caret ... ok
test view::tests::issue_14_table_example_paints_the_header_and_both_body_rows ... ok
test view::tests::joined_parse_completion_does_not_clear_another_snapshots_pending_job ... ok
test view::tests::joined_parse_completion_rejects_an_old_revision_without_evicting_current_rows ... ok
test view::tests::joined_parse_completion_requires_the_current_block_identity_and_range ... ok
test view::tests::joined_parse_work_is_bounded_across_scrolling_and_document_switches ... ok
test view::tests::layout_cache_key_rejects_each_geometry_input_independently ... ok
test view::tests::layout_click_mapping_preserves_collapsed_marker_affinity ... ok
test view::tests::local_block_height_seed_matches_the_full_disclosure_projection ... ok
test view::tests::local_fallback_resolves_the_fenced_block_before_a_formal_index_exists ... ok
test view::tests::moving_away_from_a_hidden_fence_shrinks_the_previous_height ... ok
test view::tests::moving_away_from_a_wrapped_fence_removes_all_measured_fragments ... ok
test view::tests::moving_away_from_a_wrapped_table_delimiter_removes_all_measured_fragments ... ok
test view::tests::moving_down_past_a_block_lands_on_the_first_row_of_the_next ... ok
test view::tests::moving_down_through_forty_lines_leaves_room_for_the_caret_mode_badge ... ok
test view::tests::moving_down_through_forty_lines_scrolls_cursor_to_viewport_bottom ... ok
test view::tests::moving_into_a_hidden_closing_fence_rechecks_scroll_after_height_expands ... ok
test view::tests::moving_into_a_joinable_neighbor_beyond_the_sync_budget_uses_the_cached_parse ... ok
test view::tests::moving_to_document_end_leaves_room_for_the_caret_mode_badge_after_render ... ok
test view::tests::moving_up_from_after_a_header_only_table_lands_on_the_header ... ok
test view::tests::moving_up_from_after_a_table_preserves_its_trailing_blank_line ... ok
test view::tests::moving_up_past_a_block_lands_on_its_last_row ... ok
test view::tests::new_work_folder_folder_creates_a_folder_and_adds_it_to_the_tree_expanded ... ok
test view::tests::one_block_covers_every_physical_line_of_its_construct ... ok
test view::tests::opening_a_file_and_selecting_a_folder_never_both_show_selected ... ok
test view::tests::pending_folder_rename_blocks_opening_an_old_child_path ... ok
test view::tests::pending_inline_rename_blocks_file_tab_activation ... ok
test view::tests::readme_shortcut_table_paints_text_in_all_three_columns ... ok
test view::tests::reset_zoom_keystroke_restores_100_percent_after_zooming ... ok
test view::tests::right_clicking_a_file_tab_targets_that_session_without_activating_it ... ok
test view::tests::save_as_on_an_unnamed_note_starts_in_the_active_work_folder ... ok
test view::tests::scroll_y_for_zoom_anchor_keeps_the_anchored_point_at_the_same_window_offset ... ok
test view::tests::selecting_the_work_folder_root_after_a_subfolder_restores_it_as_the_target ... ok
test view::tests::set_zoom_clamps_snaps_and_reset_zoom_restores_100_percent ... ok
test view::tests::sidebar_click_during_pending_folder_rename_does_not_start_a_load ... ok
test view::tests::sidebar_file_and_folder_double_click_start_inline_rename_but_root_does_not ... ok
test view::tests::sidebar_file_f2_escape_and_enter_rename_without_touching_the_extension ... ok
test view::tests::sidebar_file_filter_keeps_drafts_and_opens_a_visible_match ... ok
test view::tests::sidebar_file_filter_reveals_matches_without_changing_normal_expansion ... ok
test view::tests::sidebar_folder_f2_starts_inline_rename ... ok
test view::tests::sidebar_scrollbar_element_is_hidden_at_rest_and_shown_during_a_drag ... ok
test view::tests::sidebar_scrollbar_thumb_shows_on_scroll_and_hides_after_the_delay ... ok
test view::tests::sidebar_scrolls_rows_without_moving_fixed_controls ... ok
test view::tests::small_pinch_deltas_accumulate_before_the_100_percent_snap ... ok
test view::tests::soft_wrap_boundary_at_a_collapsed_marker_resolves_by_the_clicked_row ... ok
test view::tests::source_first_list_editing_commits_enter_and_immediate_tab ... ok
test view::tests::source_first_list_editing_exits_list_after_empty_marker_backspace ... ok
test view::tests::switch_to_work_folder_discards_previous_sessions_and_opens_the_new_root ... ok
test view::tests::table_delimiter_stays_collapsed_at_the_first_body_byte ... ok
test view::tests::table_mouse_hit_testing_uses_the_clicked_cell_fragment_y ... ok
test view::tests::table_vertical_extension_skips_the_hidden_delimiter_row ... ok
test view::tests::text_autoscroll_uses_the_nearest_edge_when_zones_overlap ... ok
test view::tests::text_column_width_subtracts_sidebar_and_both_paddings ... ok
test view::tests::the_date_badge_renders_before_the_remainder_only_on_the_left ... ok
test view::tests::the_document_edges_have_no_neighbor_row ... ok
test view::tests::trackpad_pinch_changes_zoom_and_clamps_extreme_input ... ok
test view::tests::two_new_folder_clicks_before_the_first_completes_still_pick_different_names ... ok
test view::tests::undo_is_blocked_while_inline_rename_is_active ... ok
test view::tests::unresolved_mouse_down_does_not_start_text_selection_drag ... ok
test view::tests::view_up_respects_table_neighbor_rows_and_trailing_blank_lines ... ok
test view::tests::visible_line_prefix_inversion_skips_a_long_collapsed_fence_prefix ... ok
test view::tests::visual_click_positions_map_back_to_source_offsets ... ok
test view::tests::vscode_launch_command_keeps_the_path_as_one_argument ... ok
test view::tests::zoom_factor_for_wheel_treats_pixel_deltas_as_lines_scaled_by_line_height ... ok
test view::tests::zoom_factor_for_wheel_zooms_in_toward_the_document_start_and_out_the_other_way ... ok
test view::tests::zoom_scales_the_painted_row_height ... ok

test result: ok. 199 passed; 0 failed; 0 ignored; 0 measured; 0 filtered out; finished in 15.92s

