   Compiling proc-macro2 v1.0.101
   Compiling unicode-ident v1.0.19
   Compiling quote v1.0.41
   Compiling libc v0.2.177
   Compiling cfg-if v1.0.4
   Compiling bitflags v2.9.4
   Compiling serde_core v1.0.228
   Compiling autocfg v1.5.0
   Compiling serde v1.0.228
   Compiling libm v0.2.15
   Compiling typeid v1.0.3
   Compiling erased-serde v0.4.8
   Compiling pin-project-lite v0.2.16
   Compiling memchr v2.7.6
   Compiling futures-core v0.3.31
   Compiling crossbeam-utils v0.8.21
   Compiling shlex v1.3.0
   Compiling futures-io v0.3.31
   Compiling foldhash v0.1.5
   Compiling num-traits v0.2.19
   Compiling hashbrown v0.15.5
   Compiling find-msvc-tools v0.1.4
   Compiling equivalent v1.0.2
   Compiling core-foundation-sys v0.8.7
   Compiling slab v0.4.11
   Compiling fastrand v2.3.0
   Compiling arrayvec v0.7.6
   Compiling version_check v0.9.5
   Compiling once_cell v1.21.3
   Compiling smallvec v1.15.1
   Compiling parking v2.2.1
   Compiling itoa v1.0.15
   Compiling cfg_aliases v0.2.1
   Compiling simd-adler32 v0.3.7
   Compiling zerocopy v0.8.27
   Compiling stable_deref_trait v1.2.1
   Compiling adler2 v2.0.1
   Compiling miniz_oxide v0.8.9
   Compiling crc32fast v1.5.0
   Compiling atomic-waker v1.1.2
   Compiling futures-sink v0.3.31
   Compiling futures-lite v2.6.1
   Compiling aho-corasick v1.1.3
   Compiling syn v2.0.106
   Compiling pin-utils v0.1.0
   Compiling bytes v1.10.1
   Compiling regex-syntax v0.8.8
   Compiling core-foundation v0.10.0
   Compiling jobserver v0.1.34
   Compiling errno v0.3.14
   Compiling typenum v1.19.0
   Compiling cc v1.2.41
   Compiling log v0.4.28
   Compiling rustix v1.1.2
   Compiling regex-automata v0.4.13
   Compiling generic-array v0.14.7
   Compiling minimal-lexical v0.2.1
   Compiling ryu v1.0.20
   Compiling concurrent-queue v2.5.0
   Compiling synstructure v0.13.2
   Compiling either v1.15.0
   Compiling event-listener v5.4.1
   Compiling thiserror v1.0.69
   Compiling indexmap v2.11.4
   Compiling event-listener-strategy v0.5.4
   Compiling futures-channel v0.3.31
   Compiling rustc-hash v2.1.1
   Compiling socket2 v0.6.1
   Compiling mio v1.1.0
   Compiling async-io v2.6.0
   Compiling litemap v0.8.0
   Compiling serde_derive v1.0.228
   Compiling zerofrom-derive v0.1.6
   Compiling zerocopy-derive v0.8.27
   Compiling yoke-derive v0.8.0
   Compiling zerovec-derive v0.11.1
   Compiling displaydoc v0.2.5
   Compiling flate2 v1.1.4
   Compiling thiserror-impl v1.0.69
   Compiling bytemuck_derive v1.10.2
   Compiling zerofrom v0.1.6
   Compiling futures-macro v0.3.31
   Compiling thiserror-impl v2.0.17
   Compiling heck v0.5.0
   Compiling writeable v0.6.1
   Compiling futures-task v0.3.31
   Compiling tokio v1.48.0
   Compiling futures-util v0.3.31
   Compiling glob v0.3.3
   Compiling yoke v0.8.0
   Compiling bytemuck v1.24.0
   Compiling objc2 v0.6.3
   Compiling async-task v4.7.1
   Compiling anyhow v1.0.100
   Compiling rustversion v1.0.22
   Compiling icu_normalizer_data v2.0.0
   Compiling icu_properties_data v2.0.1
   Compiling polling v3.11.0
   Compiling zerovec v0.11.4
   Compiling zerotrie v0.2.2
   Compiling clang-sys v1.8.1
   Compiling crypto-common v0.1.6
   Compiling block-buffer v0.10.4
   Compiling async-channel v2.5.0
   Compiling ring v0.17.14
   Compiling crossbeam-epoch v0.9.18
   Compiling piper v0.2.4
   Compiling fnv v1.0.7
   Compiling prettyplease v0.2.37
   Compiling serde_json v1.0.145
   Compiling getrandom v0.3.4
   Compiling pkg-config v0.3.32
   Compiling rayon-core v1.13.0
   Compiling objc2-encode v4.1.0
   Compiling zeroize v1.8.2
   Compiling rustls-pki-types v1.12.0
   Compiling http v1.3.1
   Compiling serde_fmt v1.0.3
   Compiling value-bag-serde1 v1.11.1
   Compiling value-bag v1.11.1
   Compiling crossbeam-deque v0.8.6
   Compiling blocking v1.6.2
   Compiling digest v0.10.7
   Compiling tinystr v0.8.1
   Compiling potential_utf v0.1.3
   Compiling foreign-types-macros v0.2.3
   Compiling icu_collections v2.0.0
   Compiling async-lock v3.4.1
   Compiling icu_locale_core v2.0.0
   Compiling same-file v1.0.6
   Compiling unicode-width v0.2.2
   Compiling vcpkg v0.2.15
   Compiling termcolor v1.4.1
   Compiling thiserror v2.0.17
   Compiling foreign-types-shared v0.3.1
   Compiling paste v1.0.15
   Compiling icu_provider v2.0.0
   Compiling foreign-types v0.5.0
   Compiling libz-sys v1.1.22
   Compiling icu_normalizer v2.0.0
   Compiling icu_properties v2.0.1
   Compiling walkdir v2.5.0
   Compiling strum_macros v0.26.4
   Compiling equator-macro v0.4.2
   Compiling euclid v0.22.11
   Compiling nom v7.1.3
   Compiling signal-hook-registry v1.4.6
   Compiling core-foundation v0.9.4
   Compiling getrandom v0.2.16
   Compiling tracing-core v0.1.34
   Compiling libloading v0.8.9
   Compiling percent-encoding v2.3.2
   Compiling bindgen v0.71.1
   Compiling untrusted v0.9.0
   Compiling httparse v1.10.1
   Compiling bitflags v1.3.2
   Compiling bit-vec v0.8.0
   Compiling itertools v0.12.1
   Compiling tracing v0.1.41
   Compiling bit-set v0.8.0
   Compiling form_urlencoded v1.2.2
   Compiling equator v0.4.2
   Compiling async-signal v0.2.13
   Compiling idna_adapter v1.2.1
   Compiling cexpr v0.6.0
   Compiling objc2-core-foundation v0.3.2
   Compiling http-body v1.0.1
   Compiling tokio-util v0.7.16
   Compiling half v2.7.1
   Compiling async-executor v1.13.3
   Compiling pin-project-internal v1.1.10
   Compiling regex v1.12.2
   Compiling num-integer v0.1.46
   Compiling cpufeatures v0.2.17
   Compiling malloc_buf v0.0.6
   Compiling slotmap v1.0.7
   Compiling bstr v1.12.0
   Compiling rustc-hash v1.1.0
   Compiling rustls v0.23.33
   Compiling utf8_iter v1.0.4
   Compiling hexf-parse v0.2.1
   Compiling block v0.1.6
   Compiling try-lock v0.2.5
   Compiling semver v1.0.27
   Compiling unicase v2.8.1
   Compiling rustc_version v0.4.1
   Compiling want v0.3.1
   Compiling globset v0.4.17
   Compiling idna v1.1.0
   Compiling pin-project v1.1.10
   Compiling aligned-vec v0.6.4
   Compiling strum v0.26.3
   Compiling objc v0.2.7
   Compiling num-bigint v0.4.6
   Compiling sha2 v0.10.9
   Compiling h2 v0.4.12
   Compiling objc2-foundation v0.3.1
   Compiling async-process v2.5.0
   Compiling lyon_geom v1.0.17
   Compiling rustls-webpki v0.103.7
   Compiling rayon v1.11.0
   Compiling block2 v0.6.2
   Compiling toml_datetime v0.6.11
   Compiling serde_spanned v0.6.9
   Compiling libgit2-sys v0.18.2+1.9.1
   Compiling profiling-procmacros v1.0.17
   Compiling core-graphics-types v0.2.0
   Compiling security-framework-sys v2.15.0
   Compiling core_maths v0.1.1
   Compiling fdeflate v0.3.7
   Compiling nix v0.30.1
   Compiling toml_write v0.1.2
   Compiling parking_lot_core v0.9.12
   Compiling rustix v0.38.44
   Compiling system-configuration-sys v0.6.0
   Compiling subtle v2.6.1
   Compiling tower-service v0.3.3
   Compiling ref-cast v1.0.25
   Compiling compression-core v0.4.29
   Compiling syn v1.0.109
   Compiling built v0.7.7
   Compiling winnow v0.7.13
   Compiling float-cmp v0.9.0
   Compiling deflate64 v0.1.10
   Compiling strict-num v0.1.1
   Compiling rav1e v0.7.1
   Compiling compression-codecs v0.4.31
   Compiling objc2-metal v0.3.1
   Compiling security-framework v3.5.1
   Compiling toml_edit v0.22.27
   Compiling profiling v1.0.17
   Compiling ttf-parser v0.25.1
   Compiling hyper v1.7.0
   Compiling lyon_path v1.0.16
   Compiling num-rational v0.4.2
   Compiling rust-embed-utils v8.7.2
   Compiling v_frame v0.3.9
   Compiling url v2.5.7
   Compiling pathfinder_simd v0.5.5
   Compiling mime_guess v2.0.5
   Compiling rand_core v0.9.3
   Compiling futures-executor v0.3.31
   Compiling ppv-lite86 v0.2.21
   Compiling gpui_collections v0.2.2
   Compiling ref-cast-impl v1.0.25
   Compiling serde_derive_internals v0.29.1
   Compiling psm v0.1.27
   Compiling nix v0.29.0
   Compiling naga v25.0.1
   Compiling quick-error v2.0.1
   Compiling serde_json_lenient v0.2.4
   Compiling base64 v0.22.1
   Compiling leak v0.1.2
   Compiling cbindgen v0.28.0
   Compiling scopeguard v1.2.0
   Compiling tinyvec_macros v0.1.1
   Compiling arrayref v0.3.9
   Compiling event-listener v2.5.3
   Compiling tiny-skia-path v0.11.4
   Compiling tinyvec v1.10.0
   Compiling async-channel v1.9.0
   Compiling lock_api v0.4.14
   Compiling leaky-cow v0.1.1
   Compiling schemars_derive v1.0.4
   Compiling rand_chacha v0.9.0
   Compiling futures v0.3.31
   Compiling gpui_perf v0.2.2
   Compiling rust-embed-impl v8.7.2
   Compiling hyper-util v0.1.17
   Compiling av1-grain v0.2.4
   Compiling tempfile v3.23.0
   Compiling objc2-quartz-core v0.3.1
   Compiling tokio-rustls v0.26.2
   Compiling toml v0.8.23
   Compiling rustls-native-certs v0.8.2
   Compiling async-compression v0.4.32
   Compiling maybe-rayon v0.1.1
   Compiling core-graphics v0.24.0
   Compiling async-global-executor v2.4.1
   Compiling core-graphics-types v0.1.3
   Compiling codespan-reporting v0.12.0
   Compiling async-fs v2.2.0
   Compiling async-net v2.0.0
   Compiling kv-log-macro v1.0.7
   Compiling rgb v0.8.52
   Compiling arg_enum_proc_macro v0.3.4
   Compiling num-derive v0.4.2
   Compiling fax_derive v0.2.0
   Compiling stacker v0.1.22
   Compiling dirs-sys v0.3.7
   Compiling cgl v0.3.2
   Compiling memmap2 v0.9.8
   Compiling proc-macro-error-attr2 v2.0.0
   Compiling simd_helpers v0.1.0
   Compiling kurbo v0.11.3
   Compiling sync_wrapper v1.0.2
   Compiling heck v0.4.1
   Compiling tower-layer v0.3.3
   Compiling utf8parse v0.2.2
   Compiling fastrand v1.9.0
   Compiling home v0.5.11
   Compiling object v0.37.3
   Compiling dyn-clone v1.0.20
   Compiling new_debug_unreachable v1.0.6
   Compiling unicode-ccc v0.4.0
   Compiling zune-core v0.4.12
   Compiling weezl v0.1.10
   Compiling noop_proc_macro v0.3.0
   Compiling siphasher v1.0.1
   Compiling waker-fn v1.2.0
   Compiling unicode-script v0.5.7
   Compiling mime v0.3.17
   Compiling unicode-bidi-mirroring v0.4.0
   Compiling bitstream-io v2.6.0
   Compiling unicode-properties v0.1.3
   Compiling option-ext v0.2.0
   Compiling imgref v1.12.0
   Compiling dtor-proc-macro v0.0.5
   Compiling rustybuzz v0.20.1
   Compiling loop9 v0.1.5
   Compiling dirs-sys v0.4.1
   Compiling zune-jpeg v0.4.21
   Compiling futures-lite v1.13.0
   Compiling schemars v1.0.4
   Compiling svgtypes v0.15.3
   Compiling which v6.0.3
   Compiling dtor v0.0.6
   Compiling proc-macro-error2 v2.0.1
   Compiling anstyle-parse v0.2.7
   Compiling tower v0.5.2
   Compiling fax v0.2.6
   Compiling fontdb v0.23.0
   Compiling io-surface v0.16.1
   Compiling dirs v4.0.0
   Compiling smol v2.0.2
   Compiling hidden-trait v0.1.2
   Compiling async-std v1.13.2
   Compiling metal v0.29.0
   Compiling async_zip v0.0.17
   Compiling hyper-rustls v0.27.7
   Compiling command-fds v0.3.2
   Compiling system-configuration v0.6.1
   Compiling rust-embed v8.7.2
   Compiling objc2-app-kit v0.3.1
   Compiling gpui_util_macros v0.2.2
   Compiling parking_lot v0.12.5
   Compiling git2 v0.20.2
   Compiling rand v0.9.2
   Compiling gpui_media v0.2.2
   Compiling png v0.17.16
   Compiling core-graphics2 v0.4.1
   Compiling http-body-util v0.1.3
   Compiling serde_urlencoded v0.7.1
   Compiling simplecss v0.2.2
   Compiling rustls-pemfile v2.2.0
   Compiling tokio-socks v0.5.2
   Compiling pxfm v0.1.25
   Compiling itertools v0.14.0
   Compiling xattr v0.2.3
   Compiling filetime v0.2.26
   Compiling zune-inflate v0.2.54
   Compiling avif-serialize v0.8.6
   Compiling encoding_rs v0.8.35
   Compiling roxmltree v0.20.0
   Compiling ctor-proc-macro v0.0.6
   Compiling colorchoice v1.0.4
   Compiling imagesize v0.13.0
   Compiling raw-window-handle v0.6.2
   Compiling float_next_after v1.0.0
   Compiling zed-font-kit v0.14.1-zed
   Compiling convert_case v0.4.0
   Compiling anstyle v1.0.13
   Compiling dunce v1.0.5
   Compiling is_terminal_polyfill v1.70.1
   Compiling xmlwriter v0.1.0
   Compiling take-until v0.2.0
   Compiling gimli v0.32.3
   Compiling lebe v0.5.3
   Compiling anstyle-query v1.1.4
   Compiling bit_field v0.10.3
   Compiling byteorder-lite v0.1.0
   Compiling mint v0.5.9
   Compiling unicode-bidi v0.3.18
   Compiling unicode-vo v0.1.0
   Compiling pico-args v0.5.0
   Compiling color_quant v1.1.0
   Compiling data-url v0.3.2
   Compiling ipnet v2.11.0
   Compiling gif v0.13.3
   Compiling zed-reqwest v0.12.15-zed
   Compiling usvg v0.45.1
   Compiling moxcms v0.7.7
   Compiling core-video v0.4.3
   Compiling image-webp v0.2.4
   Compiling exr v1.73.0
   Compiling anstream v0.6.21
   Compiling gpui_util v0.2.2
   Compiling blade-graphics v0.7.0
   Compiling derive_more v0.99.20
   Compiling addr2line v0.25.1
   Compiling gpui v0.2.2 (<repo>/vendor/gpui)
   Compiling lyon_tessellation v1.0.16
   Compiling ctor v0.4.3
   Compiling ravif v0.11.20
   Compiling zed-async-tar v0.5.0-zed
   Compiling tiny-skia v0.11.4
   Compiling tiff v0.10.3
   Compiling stacksafe-macro v0.1.4
   Compiling pathfinder_geometry v0.5.1
   Compiling dirs v5.0.1
   Compiling core-text v21.0.0
   Compiling env_filter v0.1.4
   Compiling lyon_algorithms v1.0.16
   Compiling lyon_extra v1.0.3
   Compiling png v0.18.0
   Compiling cocoa-foundation v0.2.0
   Compiling qoi v0.4.1
   Compiling strum_macros v0.27.2
   Compiling gpui_derive_refineable v0.2.2
   Compiling crossbeam-queue v0.3.12
   Compiling yansi v1.0.1
   Compiling diff v0.1.13
   Compiling sha1_smol v1.0.1
   Compiling svg_fmt v0.4.5
   Compiling float-ord v0.3.2
   Compiling static_assertions v1.1.0
   Compiling byteorder v1.5.0
   Compiling rustc-demangle v0.1.26
   Compiling lazy_static v1.5.0
   Compiling pollster v0.2.5
   Compiling jiff v0.2.15
   Compiling grid v0.18.0
   Compiling atomic v0.5.3
   Compiling postage v0.5.0
   Compiling taffy v0.9.0
   Compiling cocoa v0.26.0
   Compiling resvg v0.45.1
   Compiling etagere v0.2.15
   Compiling image v0.25.8
   Compiling strum v0.27.2
   Compiling uuid v1.18.1
   Compiling gpui_refineable v0.2.2
   Compiling pretty_assertions v1.4.1
   Compiling gpui_http_client v0.2.2
   Compiling lyon v1.0.16
   Compiling stacksafe v0.1.4
   Compiling blade-util v0.3.0
   Compiling gpui_sum_tree v0.2.2
   Compiling gpui_semantic_version v0.2.2
   Compiling gpui-macros v0.2.2
   Compiling blade-macros v0.3.0
   Compiling num_cpus v1.17.0
   Compiling seahash v4.1.0
   Compiling backtrace v0.3.76
   Compiling inventory v0.3.21
   Compiling unicode-segmentation v1.12.0
   Compiling env_logger v0.11.8
    Finished `test` profile [unoptimized + debuginfo] target(s) in 52.37s
     Running unittests src/gpui.rs (vendor/gpui/target/debug/deps/gpui-40c6b7d1afaa42b9)

running 7 tests
test platform::mac::text_system::tests::test_layout_line_bom_char ... ok
test platform::mac::text_system::tests::test_layout_line_zwnj_edge_cases ... ok
test platform::mac::text_system::tests::test_layout_line_zwnj_insertion ... ok
test platform::mac::text_system::tests::hane_oblique_preserves_native_italic_and_emoji ... ok
test platform::mac::text_system::tests::hane_oblique_preserves_empty_glyph_bounds ... ok
test platform::mac::text_system::tests::hane_oblique_keeps_adjacent_styles_separate_without_an_italic_face ... ok
test platform::mac::text_system::tests::hane_oblique_fallback_changes_ink_without_changing_advances ... ok

test result: ok. 7 passed; 0 failed; 0 ignored; 0 measured; 68 filtered out; finished in 0.05s

